1 : 0
2 : 0
3 : 1
4 : 8
5 : 0
6 : 3
7 : 0
8 : 9
9 : 3
10 : 5
11 : 2
12 : 3
13 : 7
14 : 4
15 : 5
16 : 0
17 : 4
18 : 2
19 : 0
20 : 2
21 : 4
22 : 8
23 : 6
24 : 1
25 : 6
26 : 1
27 : 1
28 : 5
29 : 2
30 : 3
31 : 3
32 : 7
33 : 5
34 : 0
35 : 4
36 : 3
37 : 3
38 : 3
39 : 8
40 : 3
41 : 0
42 : 4
43 : 9
44 : 4
45 : 7
46 : 1
47 : 4
48 : 9
49 : 0
50 : 1
51 : 2
52 : 5
53 : 3
54 : 6
55 : 8
56 : 8
57 : 6
58 : 0
59 : 0
60 : 3
61 : 5
62 : 3
63 : 4
64 : 6
65 : 8
66 : 9
67 : 3
68 : 0
69 : 3
70 : 2
71 : 9
72 : 4
73 : 9
74 : 5
75 : 4
76 : 9
77 : 0
78 : 3
79 : 7
80 : 3
81 : 5
82 : 4
83 : 8
84 : 4
85 : 6
86 : 6
87 : 5
88 : 2
89 : 4
90 : 0
91 : 1
92 : 0
93 : 3
94 : 7
95 : 1
96 : 6
97 : 5
98 : 0
99 : 9
100 : 2
101 : 4
102 : 0
103 : 5
104 : 3
105 : 8
106 : 2
107 : 1
108 : 6
109 : 6
110 : 6
111 : 7
112 : 2
113 : 4
114 : 0
115 : 9
116 : 7
117 : 9
118 : 7
119 : 0
120 : 6
121 : 7
122 : 9
123 : 7
124 : 3
125 : 8
126 : 3
127 : 6
128 : 5
129 : 0
130 : 5
131 : 9
132 : 9
133 : 5
134 : 1
135 : 3
136 : 3
137 : 3
138 : 6
139 : 2
140 : 1
141 : 5
142 : 5
143 : 9
144 : 4
145 : 6
146 : 6
147 : 9
148 : 1
149 : 3
150 : 6
151 : 3
152 : 5
153 : 5
154 : 9
155 : 9
156 : 7
157 : 2
158 : 0
159 : 1
160 : 6
161 : 3
162 : 1
163 : 6
164 : 5
165 : 6
166 : 1
167 : 6
168 : 5
169 : 9
170 : 3
171 : 2
172 : 7
173 : 8
174 : 6
175 : 2
176 : 0
177 : 3
178 : 1
179 : 2
180 : 1
181 : 6
182 : 9
183 : 4
184 : 6
185 : 8
186 : 4
187 : 8
188 : 9
189 : 3
190 : 2
191 : 1
192 : 8
193 : 0
194 : 2
195 : 9
196 : 3
197 : 1
198 : 3
199 : 8
200 : 2
201 : 8
202 : 3
203 : 0
204 : 3
205 : 0
206 : 2
207 : 3
208 : 9
209 : 6
210 : 3
211 : 1
212 : 7
213 : 9
214 : 6
215 : 5
216 : 1
217 : 5
218 : 2
219 : 4
220 : 0
221 : 6
222 : 1
223 : 1
224 : 2
225 : 1
226 : 2
227 : 7
228 : 5
229 : 7
230 : 9
231 : 0
232 : 4
233 : 3
234 : 6
235 : 7
236 : 6
237 : 4
238 : 4
239 : 9
240 : 0
241 : 1
242 : 8
243 : 3
244 : 5
245 : 3
246 : 7
247 : 2
248 : 9
249 : 7
250 : 8
251 : 4
252 : 0
253 : 6
254 : 0
255 : 8
256 : 6
257 : 6
258 : 0
259 : 4
260 : 0
261 : 6
262 : 1
263 : 7
264 : 7
265 : 6
266 : 2
267 : 3
268 : 2
269 : 2
270 : 1
271 : 2
272 : 9
273 : 5
274 : 7
275 : 7
276 : 3
277 : 6
278 : 7
279 : 5
280 : 5
281 : 6
282 : 2
283 : 3
284 : 9
285 : 2
286 : 5
287 : 8
288 : 9
289 : 3
290 : 3
291 : 1
292 : 4
293 : 0
294 : 3
295 : 9
296 : 2
297 : 3
298 : 3
299 : 8
300 : 9
301 : 0
302 : 7
303 : 6
304 : 2
305 : 6
306 : 1
307 : 0
308 : 7
309 : 6
310 : 4
311 : 1
312 : 1
313 : 4
314 : 9
315 : 7
316 : 6
317 : 3
318 : 4
319 : 3
320 : 6
321 : 2
322 : 2
323 : 8
324 : 5
325 : 7
326 : 8
327 : 5
328 : 5
329 : 4
330 : 9
331 : 2
332 : 0
333 : 2
334 : 2
335 : 4
336 : 4
337 : 5
338 : 9
339 : 1
340 : 8
341 : 8
342 : 6
343 : 4
344 : 2
345 : 5
346 : 2
347 : 1
348 : 7
349 : 6
350 : 9
351 : 2
352 : 9
353 : 4
354 : 3
355 : 0
356 : 5
357 : 0
358 : 6
359 : 0
360 : 9
361 : 7
362 : 0
363 : 0
364 : 3
365 : 6
366 : 6
367 : 3
368 : 8
369 : 0
370 : 4
371 : 6
372 : 5
373 : 7
374 : 0
375 : 9
376 : 0
377 : 6
378 : 3
379 : 1
380 : 7
381 : 9
382 : 0
383 : 0
384 : 8
385 : 3
386 : 3
387 : 8
388 : 7
389 : 3
390 : 5
391 : 6
392 : 6
393 : 2
394 : 6
395 : 6
396 : 3
397 : 6
398 : 4
399 : 5
400 : 7
401 : 1
402 : 4
403 : 4
404 : 0
405 : 3
406 : 0
407 : 1
408 : 9
409 : 2
410 : 2
411 : 7
412 : 3
413 : 4
414 : 0
415 : 5
416 : 6
417 : 0
418 : 2
419 : 2
420 : 2
421 : 6
422 : 6
423 : 8
424 : 4
425 : 0
426 : 8
427 : 4
428 : 5
429 : 8
430 : 6
431 : 2
432 : 2
433 : 2
434 : 0
435 : 9
436 : 4
437 : 1
438 : 9
439 : 1
440 : 5
441 : 9
442 : 0
443 : 7
444 : 6
445 : 8
446 : 5
447 : 7
448 : 6
449 : 0
450 : 0
451 : 4
452 : 6
453 : 0
454 : 8
455 : 7
456 : 0
457 : 4
458 : 4
459 : 2
460 : 9
461 : 1
462 : 8
463 : 7
464 : 2
465 : 3
466 : 0
467 : 6
468 : 2
469 : 3
470 : 6
471 : 7
472 : 8
473 : 6
474 : 0
475 : 5
476 : 5
477 : 9
478 : 5
479 : 5
480 : 3
481 : 7
482 : 8
483 : 2
484 : 8
485 : 2
486 : 0
487 : 1
488 : 7
489 : 8
490 : 0
491 : 1
492 : 3
493 : 6
494 : 4
495 : 1
496 : 7
497 : 1
498 : 6
499 : 6
500 : 5
501 : 8
502 : 5
503 : 0
504 : 2
505 : 7
506 : 5
507 : 5
508 : 1
509 : 5
510 : 9
511 : 5
512 : 1
513 : 6
514 : 4
515 : 0
516 : 4
517 : 8
518 : 8
519 : 8
520 : 1
521 : 3
522 : 5
523 : 4
524 : 9
525 : 3
526 : 4
527 : 0
528 : 5
529 : 6
530 : 4
531 : 3
532 : 4
533 : 2
534 : 2
535 : 7
536 : 2
537 : 0
538 : 9
539 : 9
540 : 9
541 : 5
542 : 3
543 : 4
544 : 7
545 : 3
546 : 4
547 : 6
548 : 7
549 : 4
550 : 7
551 : 4
552 : 3
553 : 7
554 : 3
555 : 6
556 : 8
557 : 5
558 : 8
559 : 6
560 : 2
561 : 1
562 : 8
563 : 6
564 : 3
565 : 0
566 : 2
567 : 2
568 : 4
569 : 3
570 : 7
571 : 8
572 : 6
573 : 6
574 : 8
575 : 2
576 : 9
577 : 9
578 : 6
579 : 8
580 : 3
581 : 6
582 : 6
583 : 7
584 : 9
585 : 1
586 : 5
587 : 4
588 : 0
589 : 0
590 : 4
591 : 7
592 : 4
593 : 9
594 : 7
595 : 6
596 : 8
597 : 1
598 : 9
599 : 5
600 : 2
601 : 1
602 : 6
603 : 3
604 : 9
605 : 1
606 : 5
607 : 2
608 : 3
609 : 7
610 : 9
611 : 2
612 : 6
613 : 1
614 : 8
615 : 3
616 : 6
617 : 1
618 : 3
619 : 7
620 : 4
621 : 6
622 : 5
623 : 3
624 : 8
625 : 3
626 : 9
627 : 6
628 : 4
629 : 7
630 : 3
631 : 0
632 : 4
633 : 9
634 : 7
635 : 7
636 : 8
637 : 3
638 : 6
639 : 0
640 : 3
641 : 6
642 : 6
643 : 4
644 : 7
645 : 2
646 : 1
647 : 3
648 : 7
649 : 6
650 : 0
651 : 3
652 : 9
653 : 5
654 : 1
655 : 4
656 : 3
657 : 3
658 : 7
659 : 4
660 : 5
661 : 6
662 : 8
663 : 8
664 : 0
665 : 1
666 : 8
667 : 2
668 : 1
669 : 3
670 : 3
671 : 2
672 : 1
673 : 6
674 : 0
675 : 7
676 : 8
677 : 5
678 : 1
679 : 5
680 : 9
681 : 9
682 : 5
683 : 0
684 : 7
685 : 2
686 : 3
687 : 6
688 : 4
689 : 2
690 : 2
691 : 2
692 : 0
693 : 4
694 : 9
695 : 1
696 : 6
697 : 8
698 : 8
699 : 1
700 : 6
701 : 9
702 : 5
703 : 9
704 : 5
705 : 7
706 : 3
707 : 6
708 : 7
709 : 2
710 : 4
711 : 6
712 : 1
713 : 3
714 : 4
715 : 1
716 : 1
717 : 6
718 : 5
719 : 3
720 : 5
721 : 0
722 : 5
723 : 3
724 : 5
725 : 0
726 : 5
727 : 3
728 : 4
729 : 8
730 : 6
731 : 8
732 : 3
733 : 9
734 : 2
735 : 6
736 : 1
737 : 6
738 : 3
739 : 5
740 : 9
741 : 3
742 : 5
743 : 1
744 : 3
745 : 3
746 : 4
747 : 2
748 : 7
749 : 5
750 : 2
751 : 3
752 : 8
753 : 3
754 : 7
755 : 6
756 : 1
757 : 5
758 : 3
759 : 6
760 : 1
761 : 9
762 : 4
763 : 4
764 : 5
765 : 0
766 : 8
767 : 7
768 : 6
769 : 4
770 : 8
771 : 0
772 : 7
773 : 3
774 : 5
775 : 7
776 : 3
777 : 0
778 : 5
779 : 4
780 : 7
781 : 9
782 : 4
783 : 9
784 : 0
785 : 6
786 : 2
787 : 3
788 : 7
789 : 4
790 : 0
791 : 2
792 : 5
793 : 3
794 : 3
795 : 7
796 : 0
797 : 6
798 : 6
799 : 4
800 : 0
801 : 6
802 : 4
803 : 4
804 : 1
805 : 0
806 : 1
807 : 6
808 : 6
809 : 3
810 : 6
811 : 9
812 : 7
813 : 5
814 : 2
815 : 2
816 : 4
817 : 6
818 : 3
819 : 3
820 : 4
821 : 5
822 : 2
823 : 7
824 : 8
825 : 0
826 : 1
827 : 5
828 : 4
829 : 5
830 : 3
831 : 1
832 : 5
833 : 4
834 : 8
835 : 9
836 : 2
837 : 9
838 : 3
839 : 5
840 : 2
841 : 5
842 : 4
843 : 3
844 : 1
845 : 5
846 : 6
847 : 7
848 : 4
849 : 1
850 : 7
851 : 3
852 : 5
853 : 4
854 : 6
855 : 5
856 : 6
857 : 8
858 : 9
859 : 5
860 : 0
861 : 1
862 : 1
863 : 3
864 : 0
865 : 8
866 : 6
867 : 5
868 : 2
869 : 0
870 : 6
871 : 9
872 : 7
873 : 9
874 : 2
875 : 1
876 : 5
877 : 6
878 : 0
879 : 6
880 : 8
881 : 9
882 : 6
883 : 6
884 : 5
885 : 2
886 : 4
887 : 3
888 : 5
889 : 7
890 : 3
891 : 2
892 : 6
893 : 8
894 : 1
895 : 9
896 : 6
897 : 3
898 : 1
899 : 3
900 : 2
901 : 5
902 : 8
903 : 7
904 : 0
905 : 3
906 : 2
907 : 6
908 : 2
909 : 0
910 : 2
911 : 3
912 : 6
913 : 4
914 : 7
915 : 9
916 : 0
917 : 2
918 : 5
919 : 1
920 : 5
921 : 3
922 : 6
923 : 0
924 : 1
925 : 4
926 : 1
927 : 0
928 : 2
929 : 1
930 : 8
931 : 2
932 : 2
933 : 5
934 : 7
935 : 3
936 : 1
937 : 6
938 : 1
939 : 1
940 : 0
941 : 3
942 : 9
943 : 9
944 : 0
945 : 7
946 : 2
947 : 3
948 : 9
949 : 6
950 : 7
951 : 7
952 : 2
953 : 5
954 : 3
955 : 9
956 : 0
957 : 0
958 : 3
959 : 1
960 : 0
961 : 6
962 : 6
963 : 7
964 : 0
965 : 3
966 : 3
967 : 6
968 : 6
969 : 1
970 : 9
971 : 8
972 : 8
973 : 2
974 : 4
975 : 6
976 : 4
977 : 2
978 : 4
979 : 9
980 : 5
981 : 3
982 : 2
983 : 8
984 : 4
985 : 0
986 : 2
987 : 2
988 : 6
989 : 8
990 : 3
991 : 9
992 : 8
993 : 3
994 : 1
995 : 4
996 : 3
997 : 9
998 : 8
999 : 7
1000 : 7
1001 : 5
1002 : 0
1003 : 2
1004 : 7
1005 : 3
1006 : 3
1007 : 0
1008 : 1
1009 : 1
1010 : 5
1011 : 3
1012 : 4
1013 : 9
1014 : 0
1015 : 6
1016 : 7
1017 : 1
1018 : 2
1019 : 5
1020 : 1
1021 : 2
1022 : 2
1023 : 4
1024 : 0
1025 : 4
1026 : 3
1027 : 5
1028 : 2
1029 : 5
1030 : 6
1031 : 7
1032 : 2
1033 : 4
1034 : 3
1035 : 2
1036 : 5
1037 : 4
1038 : 1
1039 : 5
1040 : 0
1041 : 3
1042 : 4
1043 : 5
1044 : 3
1045 : 3
1046 : 0
1047 : 8
1048 : 7
1049 : 3
1050 : 4
1051 : 7
1052 : 4
1053 : 5
1054 : 6
1055 : 2
1056 : 6
1057 : 4
1058 : 5
1059 : 2
1060 : 7
1061 : 3
1062 : 2
1063 : 9
1064 : 1
1065 : 3
1066 : 9
1067 : 2
1068 : 7
1069 : 0
1070 : 3
1071 : 5
1072 : 4
1073 : 7
1074 : 4
1075 : 3
1076 : 1
1077 : 4
1078 : 6
1079 : 3
1080 : 5
1081 : 4
1082 : 2
1083 : 4
1084 : 8
1085 : 0
1086 : 3
1087 : 7
1088 : 2
1089 : 2
1090 : 4
1091 : 1
1092 : 8
1093 : 0
1094 : 0
1095 : 2
1096 : 9
1097 : 9
1098 : 6
1099 : 2
1100 : 9
1101 : 5
1102 : 0
1103 : 3
1104 : 2
1105 : 9
1106 : 2
1107 : 0
1108 : 9
1109 : 9
1110 : 8
1111 : 2
1112 : 7
1113 : 3
1114 : 6
1115 : 4
1116 : 5
1117 : 1
1118 : 4
1119 : 0
1120 : 2
1121 : 9
1122 : 5
1123 : 3
1124 : 8
1125 : 7
1126 : 8
1127 : 2
1128 : 6
1129 : 1
1130 : 3
1131 : 8
1132 : 4
1133 : 6
1134 : 7
1135 : 1
1136 : 2
1137 : 6
1138 : 3
1139 : 7
1140 : 7
1141 : 6
1142 : 5
1143 : 7
1144 : 0
1145 : 6
1146 : 4
1147 : 1
1148 : 6
1149 : 5
1150 : 2
1151 : 2
1152 : 9
1153 : 0
1154 : 2
1155 : 7
1156 : 3
1157 : 5
1158 : 1
1159 : 0
1160 : 9
1161 : 5
1162 : 0
1163 : 0
1164 : 6
1165 : 8
1166 : 2
1167 : 9
1168 : 1
1169 : 2
1170 : 1
1171 : 5
1172 : 9
1173 : 0
1174 : 4
1175 : 6
1176 : 0
1177 : 5
1178 : 5
1179 : 5
1180 : 4
1181 : 6
1182 : 4
1183 : 1
1184 : 4
1185 : 1
1186 : 5
1187 : 2
1188 : 5
1189 : 6
1190 : 3
1191 : 3
1192 : 5
1193 : 2
1194 : 3
1195 : 9
1196 : 8
1197 : 7
1198 : 2
1199 : 6
1200 : 3
1201 : 9
1202 : 2
1203 : 4
1204 : 9
1205 : 3
1206 : 5
1207 : 5
1208 : 6
1209 : 3
1210 : 6
1211 : 1
1212 : 9
1213 : 9
1214 : 9
1215 : 8
1216 : 4
1217 : 5
1218 : 0
1219 : 2
1220 : 1
1221 : 4
1222 : 6
1223 : 5
1224 : 2
1225 : 5
1226 : 1
1227 : 1
1228 : 5
1229 : 1
1230 : 2
1231 : 5
1232 : 3
1233 : 4
1234 : 1
1235 : 1
1236 : 5
1237 : 3
1238 : 5
1239 : 3
1240 : 2
1241 : 5
1242 : 4
1243 : 0
1244 : 0
1245 : 8
1246 : 8
1247 : 7
1248 : 0
1249 : 7
1250 : 3
1251 : 6
1252 : 4
1253 : 0
1254 : 8
1255 : 6
1256 : 6
1257 : 3
1258 : 2
1259 : 6
1260 : 9
1261 : 3
1262 : 2
1263 : 7
1264 : 2
1265 : 9
1266 : 5
1267 : 3
1268 : 8
1269 : 9
1270 : 5
1271 : 5
1272 : 0
1273 : 8
1274 : 2
1275 : 4
1276 : 6
1277 : 0
1278 : 5
1279 : 0
1280 : 3
1281 : 3
1282 : 8
1283 : 0
1284 : 4
1285 : 9
1286 : 5
1287 : 4
1288 : 7
1289 : 3
1290 : 6
1291 : 1
1292 : 6
1293 : 3
1294 : 1
1295 : 9
1296 : 4
1297 : 9
1298 : 4
1299 : 0
1300 : 1
1301 : 1
1302 : 0
1303 : 4
1304 : 4
1305 : 7
1306 : 5
1307 : 4
1308 : 0
1309 : 0
1310 : 6
1311 : 1
1312 : 3
1313 : 0
1314 : 6
1315 : 2
1316 : 1
1317 : 5
1318 : 1
1319 : 3
1320 : 1
1321 : 3
1322 : 6
1323 : 0
1324 : 3
1325 : 7
1326 : 2
1327 : 4
1328 : 1
1329 : 2
1330 : 0
1331 : 1
1332 : 8
1333 : 0
1334 : 9
1335 : 5
1336 : 3
1337 : 6
1338 : 3
1339 : 1
1340 : 7
1341 : 1
1342 : 6
1343 : 0
1344 : 0
1345 : 3
1346 : 1
1347 : 2
1348 : 6
1349 : 7
1350 : 6
1351 : 5
1352 : 3
1353 : 3
1354 : 5
1355 : 4
1356 : 9
1357 : 7
1358 : 5
1359 : 5
1360 : 3
1361 : 1
1362 : 1
1363 : 4
1364 : 3
1365 : 3
1366 : 0
1367 : 4
1368 : 3
1369 : 6
1370 : 1
1371 : 4
1372 : 4
1373 : 2
1374 : 5
1375 : 4
1376 : 8
1377 : 8
1378 : 4
1379 : 3
1380 : 3
1381 : 8
1382 : 7
1383 : 5
1384 : 3
1385 : 9
1386 : 4
1387 : 0
1388 : 4
1389 : 4
1390 : 5
1391 : 2
1392 : 6
1393 : 4
1394 : 8
1395 : 7
1396 : 7
1397 : 4
1398 : 9
1399 : 0
1400 : 0
1401 : 9
1402 : 8
1403 : 4
1404 : 1
1405 : 3
1406 : 3
1407 : 3
1408 : 0
1409 : 4
